\BOOKMARK [1][-]{section.1}{\376\377\000T\000h\000e\000\040\000A\000n\000n\000o\000t\000a\000t\000i\000o\000n\000\040\000T\000a\000b\000l\000e\000:\000\040\000C\000o\000r\000e\000\040\000D\000a\000t\000a\000\040\000S\000t\000r\000u\000c\000t\000u\000r\000e}{}% 1
\BOOKMARK [2][-]{subsection.1.1}{\376\377\000R\000a\000t\000i\000o\000n\000a\000l\000e}{section.1}% 2
\BOOKMARK [2][-]{subsection.1.2}{\376\377\000T\000h\000e\000\040\000f\000o\000u\000r\000\040\000m\000a\000n\000d\000a\000t\000o\000r\000y\000\040\000c\000o\000l\000u\000m\000n\000s}{section.1}% 3
\BOOKMARK [2][-]{subsection.1.3}{\376\377\000C\000r\000e\000a\000t\000i\000n\000g\000\040\000a\000n\000n\000o\000t\000a\000t\000i\000o\000n\000\040\000t\000a\000b\000l\000e\000s}{section.1}% 4
\BOOKMARK [1][-]{section.2}{\376\377\000T\000h\000e\000\040\000R\000O\000I\000\040\000T\000a\000b\000l\000e\000\040\000a\000n\000d\000\040\000t\000h\000e\000\040\000\050\000s\0001\000,\000\040\000t\0001\000,\000\040\000s\0002\000,\000\040\000t\0002\000\051\000\040\000C\000o\000o\000r\000d\000i\000n\000a\000t\000e\000\040\000S\000y\000s\000t\000e\000m}{}% 5
\BOOKMARK [2][-]{subsection.2.1}{\376\377\000W\000h\000a\000t\000\040\000i\000s\000\040\000a\000n\000\040\000R\000O\000I\000\040\000t\000a\000b\000l\000e\000?}{section.2}% 6
\BOOKMARK [2][-]{subsection.2.2}{\376\377\000T\000h\000e\000\040\000l\000i\000n\000e\000a\000r\000\040\000c\000o\000o\000r\000d\000i\000n\000a\000t\000e\000\040\000m\000a\000p}{section.2}% 7
\BOOKMARK [2][-]{subsection.2.3}{\376\377\000W\000h\000y\000\040\000s\000a\000m\000p\000l\000e\000\040\000m\000i\000d\000p\000o\000i\000n\000t\000s\000?}{section.2}% 8
\BOOKMARK [1][-]{section.3}{\376\377\000C\000r\000e\000a\000t\000i\000n\000g\000\040\000a\000n\000d\000\040\000L\000o\000a\000d\000i\000n\000g\000\040\000A\000n\000n\000o\000t\000a\000t\000i\000o\000n\000\040\000T\000a\000b\000l\000e\000s}{}% 9
\BOOKMARK [2][-]{subsection.3.1}{\376\377\000F\000r\000o\000m\000\040\000s\000c\000r\000a\000t\000c\000h}{section.3}% 10
\BOOKMARK [2][-]{subsection.3.2}{\376\377\000F\000r\000o\000m\000\040\000B\000I\000D\000S\000\040\000T\000S\000V\000\040\000f\000i\000l\000e\000s\000\040\000\050\000b\000m\000l\000\137\000a\000n\000n\000o\000t\000\137\000r\000e\000a\000d\000\137\000t\000s\000v\000\051}{section.3}% 11
\BOOKMARK [2][-]{subsection.3.3}{\376\377\000F\000r\000o\000m\000\040\000F\000i\000e\000l\000d\000T\000r\000i\000p\000\040\000e\000v\000e\000n\000t\000\040\000s\000t\000r\000u\000c\000t\000s\000\040\000\050\000b\000m\000l\000\137\000e\000v\000e\000n\000t\0002\000a\000n\000n\000o\000t\000\051}{section.3}% 12
\BOOKMARK [2][-]{subsection.3.4}{\376\377\000S\000c\000a\000n\000n\000i\000n\000g\000\040\000a\000\040\000f\000o\000l\000d\000e\000r\000\040\000t\000o\000\040\000b\000u\000i\000l\000d\000\040\000t\000h\000e\000\040\000i\000n\000i\000t\000i\000a\000l\000\040\000R\000O\000I\000\040\000t\000a\000b\000l\000e}{section.3}% 13
\BOOKMARK [1][-]{section.4}{\376\377\000b\000m\000l\000\137\000a\000n\000n\000o\000t\000\137\000e\000x\000t\000e\000n\000d\000\040\040\024\000\040\000T\000e\000m\000p\000o\000r\000a\000l\000\040\000D\000i\000l\000a\000t\000i\000o\000n\000\040\000a\000n\000d\000\040\000E\000r\000o\000s\000i\000o\000n}{}% 14
\BOOKMARK [2][-]{subsection.4.1}{\376\377\000R\000a\000t\000i\000o\000n\000a\000l\000e}{section.4}% 15
\BOOKMARK [1][-]{section.5}{\376\377\000b\000m\000l\000\137\000a\000n\000n\000o\000t\000\137\000f\000i\000l\000t\000e\000r\000\040\000/\000\040\000f\000i\000l\000t\000e\000r\000o\000u\000t\000\040\040\024\000\040\000S\000e\000l\000e\000c\000t\000i\000o\000n\000\040\000b\000y\000\040\000T\000i\000m\000e\000\040\000W\000i\000n\000d\000o\000w}{}% 16
\BOOKMARK [2][-]{subsection.5.1}{\376\377\000R\000a\000t\000i\000o\000n\000a\000l\000e}{section.5}% 17
\BOOKMARK [2][-]{subsection.5.2}{\376\377\000O\000v\000e\000r\000l\000a\000p\000\040\000c\000o\000n\000d\000i\000t\000i\000o\000n}{section.5}% 18
\BOOKMARK [1][-]{section.6}{\376\377\000b\000m\000l\000\137\000a\000n\000n\000o\000t\000\137\000i\000n\000t\000e\000r\000s\000e\000c\000t\000\040\040\024\000\040\000T\000e\000m\000p\000o\000r\000a\000l\000\040\000I\000n\000t\000e\000r\000s\000e\000c\000t\000i\000o\000n}{}% 19
\BOOKMARK [2][-]{subsection.6.1}{\376\377\000R\000a\000t\000i\000o\000n\000a\000l\000e}{section.6}% 20
\BOOKMARK [1][-]{section.7}{\376\377\000b\000m\000l\000\137\000a\000n\000n\000o\000t\000\137\000u\000n\000i\000o\000n\000\040\040\024\000\040\000T\000e\000m\000p\000o\000r\000a\000l\000\040\000U\000n\000i\000o\000n}{}% 21
\BOOKMARK [2][-]{subsection.7.1}{\376\377\000R\000a\000t\000i\000o\000n\000a\000l\000e}{section.7}% 22
\BOOKMARK [1][-]{section.8}{\376\377\000b\000m\000l\000\137\000a\000n\000n\000o\000t\000\137\000d\000i\000f\000f\000e\000r\000e\000n\000c\000e\000\040\040\024\000\040\000S\000e\000t\000\040\000S\000u\000b\000t\000r\000a\000c\000t\000i\000o\000n}{}% 23
\BOOKMARK [2][-]{subsection.8.1}{\376\377\000R\000a\000t\000i\000o\000n\000a\000l\000e}{section.8}% 24
\BOOKMARK [1][-]{section.9}{\376\377\000b\000m\000l\000\137\000a\000n\000n\000o\000t\000\137\000c\000o\000n\000s\000o\000l\000i\000d\000a\000t\000e\000\040\040\024\000\040\000M\000e\000r\000g\000i\000n\000g\000\040\000b\000y\000\040\000C\000r\000i\000t\000e\000r\000i\000o\000n}{}% 25
\BOOKMARK [2][-]{subsection.9.1}{\376\377\000R\000a\000t\000i\000o\000n\000a\000l\000e}{section.9}% 26
\BOOKMARK [2][-]{subsection.9.2}{\376\377\000A\000l\000g\000o\000r\000i\000t\000h\000m}{section.9}% 27
\BOOKMARK [1][-]{section.10}{\376\377\000b\000m\000l\000\137\000a\000n\000n\000o\000t\000\137\000b\000l\000o\000c\000k\000s\000\040\040\024\000\040\000R\000u\000n\000-\000L\000e\000n\000g\000t\000h\000\040\000E\000n\000c\000o\000d\000i\000n\000g\000\040\000a\000n\000d\000\040\000T\000r\000a\000n\000s\000i\000t\000i\000o\000n\000s}{}% 28
\BOOKMARK [2][-]{subsection.10.1}{\376\377\000R\000a\000t\000i\000o\000n\000a\000l\000e}{section.10}% 29
\BOOKMARK [1][-]{section.11}{\376\377\000b\000m\000l\000\137\000a\000n\000n\000o\000t\000\137\000s\000h\000a\000d\000o\000w\000\040\040\024\000\040\000F\000i\000l\000l\000i\000n\000g\000\040\000t\000h\000e\000\040\000G\000a\000p\000s}{}% 30
\BOOKMARK [2][-]{subsection.11.1}{\376\377\000R\000a\000t\000i\000o\000n\000a\000l\000e}{section.11}% 31
\BOOKMARK [1][-]{section.12}{\376\377\000b\000m\000l\000\137\000a\000n\000n\000o\000t\000\137\000c\000o\000v\000e\000r\000a\000g\000e\000\040\040\024\000\040\000M\000e\000a\000s\000u\000r\000i\000n\000g\000\040\000H\000o\000w\000\040\000M\000u\000c\000h\000\040\000i\000s\000\040\000C\000o\000v\000e\000r\000e\000d}{}% 32
\BOOKMARK [1][-]{section.13}{\376\377\000b\000m\000l\000\137\000a\000n\000n\000o\000t\000\137\000o\000v\000e\000r\000l\000a\000p\000\040\040\024\000\040\000D\000e\000t\000e\000c\000t\000i\000n\000g\000\040\000C\000o\000n\000f\000l\000i\000c\000t\000s}{}% 33
\BOOKMARK [1][-]{section.14}{\376\377\000J\000o\000i\000n\000i\000n\000g\000\040\000T\000a\000b\000l\000e\000s}{}% 34
\BOOKMARK [2][-]{subsection.14.1}{\376\377\000b\000m\000l\000\137\000a\000n\000n\000o\000t\000\137\000l\000e\000f\000t\000\137\000j\000o\000i\000n\000\040\040\024\000\040\000K\000e\000y\000-\000B\000a\000s\000e\000d\000\040\000J\000o\000i\000n}{section.14}% 35
\BOOKMARK [2][-]{subsection.14.2}{\376\377\000b\000m\000l\000\137\000a\000n\000n\000o\000t\000\137\000t\000r\000a\000n\000s\000f\000e\000r\000\040\040\024\000\040\000T\000e\000m\000p\000o\000r\000a\000l\000\040\000O\000v\000e\000r\000l\000a\000p\000\040\000J\000o\000i\000n}{section.14}% 36
\BOOKMARK [1][-]{section.15}{\376\377\000b\000m\000l\000\137\000a\000n\000n\000o\000t\000\137\000c\000a\000l\000c\000u\000l\000a\000t\000e\000\040\040\024\000\040\000F\000e\000a\000t\000u\000r\000e\000\040\000E\000x\000t\000r\000a\000c\000t\000i\000o\000n\000\040\000o\000v\000e\000r\000\040\000E\000p\000o\000c\000h\000s}{}% 37
\BOOKMARK [1][-]{section.16}{\376\377\000b\000m\000l\000\137\000a\000n\000n\000o\000t\000\137\000d\000e\000t\000e\000c\000t\000\040\040\024\000\040\000T\000h\000r\000e\000s\000h\000o\000l\000d\000-\000B\000a\000s\000e\000d\000\040\000E\000v\000e\000n\000t\000\040\000D\000e\000t\000e\000c\000t\000i\000o\000n}{}% 38
\BOOKMARK [1][-]{section.17}{\376\377\000b\000m\000l\000\137\000a\000n\000n\000o\000t\0002\000r\000a\000w\000\040\000/\000\040\000b\000m\000l\000\137\000r\000a\000w\0002\000a\000n\000n\000o\000t\000\040\040\024\000\040\000S\000i\000g\000n\000a\000l\000\040\000E\000n\000c\000o\000d\000i\000n\000g}{}% 39
\BOOKMARK [2][-]{subsection.17.1}{\376\377\000A\000n\000n\000o\000t\000a\000t\000i\000o\000n\000s\000\040\000t\000o\000\040\000b\000i\000n\000a\000r\000y\000/\000c\000o\000u\000n\000t\000\040\000s\000i\000g\000n\000a\000l\000s\000\040\000\050\000b\000m\000l\000\137\000a\000n\000n\000o\000t\0002\000r\000a\000w\000\051}{section.17}% 40
\BOOKMARK [1][-]{section.18}{\376\377\000b\000m\000l\000\137\000a\000n\000n\000o\000t\000\137\000p\000l\000o\000t\000\040\040\024\000\040\000V\000i\000s\000u\000a\000l\000i\000z\000a\000t\000i\000o\000n}{}% 41
\BOOKMARK [1][-]{section.19}{\376\377\000b\000m\000l\000\137\000a\000n\000n\000o\000t\000\137\000t\0000\000\040\000a\000n\000d\000\040\000b\000m\000l\000\137\000a\000n\000n\000o\000t\000\137\000r\000o\000w\000b\000i\000n\000d\000\040\040\024\000\040\000U\000t\000i\000l\000i\000t\000i\000e\000s}{}% 42
\BOOKMARK [2][-]{subsection.19.1}{\376\377\000b\000m\000l\000\137\000a\000n\000n\000o\000t\000\137\000t\0000\000\040\040\024\000\040\000C\000h\000a\000n\000g\000e\000\040\000T\000i\000m\000e\000\040\000R\000e\000f\000e\000r\000e\000n\000c\000e}{section.19}% 43
\BOOKMARK [2][-]{subsection.19.2}{\376\377\000b\000m\000l\000\137\000a\000n\000n\000o\000t\000\137\000r\000o\000w\000b\000i\000n\000d\000\040\040\024\000\040\000V\000e\000r\000t\000i\000c\000a\000l\000\040\000C\000o\000n\000c\000a\000t\000e\000n\000a\000t\000i\000o\000n}{section.19}% 44
\BOOKMARK [1][-]{section.20}{\376\377\000C\000o\000m\000p\000l\000e\000t\000e\000\040\000W\000o\000r\000k\000e\000d\000\040\000E\000x\000a\000m\000p\000l\000e\000:\000\040\000F\000r\000o\000m\000\040\000R\000a\000w\000\040\000E\000v\000e\000n\000t\000s\000\040\000t\000o\000\040\000C\000l\000e\000a\000n\000\040\000T\000r\000i\000a\000l\000\040\000F\000e\000a\000t\000u\000r\000e\000s}{}% 45
\BOOKMARK [1][-]{section.21}{\376\377\000A\000n\000n\000o\000t\000a\000t\000i\000o\000n\000\040\000A\000l\000g\000e\000b\000r\000a\000:\000\040\000C\000o\000m\000p\000l\000e\000t\000e\000\040\000R\000e\000f\000e\000r\000e\000n\000c\000e\000\040\000T\000a\000b\000l\000e}{}% 46
\BOOKMARK [1][-]{appendix.A}{\376\377\000I\000n\000t\000e\000r\000v\000a\000l\000\040\000A\000l\000g\000e\000b\000r\000a\000:\000\040\000M\000a\000t\000h\000e\000m\000a\000t\000i\000c\000a\000l\000\040\000S\000u\000m\000m\000a\000r\000y}{}% 47
