\BOOKMARK [0][-]{chapter*.1}{\376\377\000V\000e\000r\000s\000i\000o\000n\000\040\000H\000i\000s\000t\000o\000r\000y}{}% 1
\BOOKMARK [0][-]{chapter*.2}{\376\377\000I\000n\000t\000r\000o\000d\000u\000c\000t\000i\000o\000n}{}% 2
\BOOKMARK [-1][-]{part.1}{\376\377\000I\000\040\000A\000n\000n\000o\000t\000a\000t\000i\000o\000n\000\040\000T\000a\000b\000l\000e\000s\000\040\000a\000n\000d\000\040\000I\000n\000t\000e\000r\000v\000a\000l\000\040\000A\000l\000g\000e\000b\000r\000a}{}% 3
\BOOKMARK [0][-]{section.0.1}{\376\377\000T\000h\000e\000\040\000A\000n\000n\000o\000t\000a\000t\000i\000o\000n\000\040\000T\000a\000b\000l\000e\000:\000\040\000C\000o\000r\000e\000\040\000D\000a\000t\000a\000\040\000S\000t\000r\000u\000c\000t\000u\000r\000e}{part.1}% 4
\BOOKMARK [1][-]{subsection.0.1.1}{\376\377\000R\000a\000t\000i\000o\000n\000a\000l\000e}{section.0.1}% 5
\BOOKMARK [2][-]{subsection.0.1.2}{\376\377\000T\000h\000e\000\040\000f\000o\000u\000r\000\040\000m\000a\000n\000d\000a\000t\000o\000r\000y\000\040\000c\000o\000l\000u\000m\000n\000s}{subsection.0.1.1}% 6
\BOOKMARK [2][-]{subsection.0.1.3}{\376\377\000C\000r\000e\000a\000t\000i\000n\000g\000\040\000a\000n\000n\000o\000t\000a\000t\000i\000o\000n\000\040\000t\000a\000b\000l\000e\000s}{subsection.0.1.1}% 7
\BOOKMARK [1][-]{section.0.2}{\376\377\000T\000h\000e\000\040\000R\000O\000I\000\040\000T\000a\000b\000l\000e\000\040\000a\000n\000d\000\040\000t\000h\000e\000\040\000\050\000s\0001\000,\000\040\000t\0001\000,\000\040\000s\0002\000,\000\040\000t\0002\000\051\000\040\000C\000o\000o\000r\000d\000i\000n\000a\000t\000e\000\040\000S\000y\000s\000t\000e\000m}{section.0.1}% 8
\BOOKMARK [2][-]{subsection.0.2.1}{\376\377\000W\000h\000a\000t\000\040\000i\000s\000\040\000a\000n\000\040\000R\000O\000I\000\040\000t\000a\000b\000l\000e\000?}{section.0.2}% 9
\BOOKMARK [2][-]{subsection.0.2.2}{\376\377\000T\000h\000e\000\040\000l\000i\000n\000e\000a\000r\000\040\000c\000o\000o\000r\000d\000i\000n\000a\000t\000e\000\040\000m\000a\000p}{section.0.2}% 10
\BOOKMARK [2][-]{subsection.0.2.3}{\376\377\000W\000h\000y\000\040\000s\000a\000m\000p\000l\000e\000\040\000m\000i\000d\000p\000o\000i\000n\000t\000s\000?}{section.0.2}% 11
\BOOKMARK [1][-]{section.0.3}{\376\377\000C\000r\000e\000a\000t\000i\000n\000g\000\040\000a\000n\000d\000\040\000L\000o\000a\000d\000i\000n\000g\000\040\000A\000n\000n\000o\000t\000a\000t\000i\000o\000n\000\040\000T\000a\000b\000l\000e\000s}{section.0.1}% 12
\BOOKMARK [2][-]{subsection.0.3.1}{\376\377\000F\000r\000o\000m\000\040\000s\000c\000r\000a\000t\000c\000h}{section.0.3}% 13
\BOOKMARK [2][-]{subsection.0.3.2}{\376\377\000F\000r\000o\000m\000\040\000B\000I\000D\000S\000\040\000T\000S\000V\000\040\000f\000i\000l\000e\000s\000\040\000\050\000b\000m\000l\000\137\000a\000n\000n\000o\000t\000\137\000r\000e\000a\000d\000\137\000t\000s\000v\000\051}{section.0.3}% 14
\BOOKMARK [2][-]{subsection.0.3.3}{\376\377\000F\000r\000o\000m\000\040\000F\000i\000e\000l\000d\000T\000r\000i\000p\000\040\000e\000v\000e\000n\000t\000\040\000s\000t\000r\000u\000c\000t\000s\000\040\000\050\000b\000m\000l\000\137\000e\000v\000e\000n\000t\0002\000a\000n\000n\000o\000t\000\051}{section.0.3}% 15
\BOOKMARK [2][-]{subsection.0.3.4}{\376\377\000S\000c\000a\000n\000n\000i\000n\000g\000\040\000a\000\040\000f\000o\000l\000d\000e\000r\000\040\000t\000o\000\040\000b\000u\000i\000l\000d\000\040\000t\000h\000e\000\040\000i\000n\000i\000t\000i\000a\000l\000\040\000R\000O\000I\000\040\000t\000a\000b\000l\000e}{section.0.3}% 16
\BOOKMARK [1][-]{section.0.4}{\376\377\000b\000m\000l\000\137\000a\000n\000n\000o\000t\000\137\000e\000x\000t\000e\000n\000d\000\040\040\024\000\040\000T\000e\000m\000p\000o\000r\000a\000l\000\040\000D\000i\000l\000a\000t\000i\000o\000n\000\040\000a\000n\000d\000\040\000E\000r\000o\000s\000i\000o\000n}{section.0.1}% 17
\BOOKMARK [2][-]{subsection.0.4.1}{\376\377\000R\000a\000t\000i\000o\000n\000a\000l\000e}{section.0.4}% 18
\BOOKMARK [1][-]{section.0.5}{\376\377\000b\000m\000l\000\137\000a\000n\000n\000o\000t\000\137\000f\000i\000l\000t\000e\000r\000\040\000/\000\040\000f\000i\000l\000t\000e\000r\000o\000u\000t\000\040\040\024\000\040\000S\000e\000l\000e\000c\000t\000i\000o\000n\000\040\000b\000y\000\040\000T\000i\000m\000e\000\040\000W\000i\000n\000d\000o\000w}{section.0.1}% 19
\BOOKMARK [2][-]{subsection.0.5.1}{\376\377\000R\000a\000t\000i\000o\000n\000a\000l\000e}{section.0.5}% 20
\BOOKMARK [2][-]{subsection.0.5.2}{\376\377\000O\000v\000e\000r\000l\000a\000p\000\040\000c\000o\000n\000d\000i\000t\000i\000o\000n}{section.0.5}% 21
\BOOKMARK [1][-]{section.0.6}{\376\377\000b\000m\000l\000\137\000a\000n\000n\000o\000t\000\137\000i\000n\000t\000e\000r\000s\000e\000c\000t\000\040\040\024\000\040\000T\000e\000m\000p\000o\000r\000a\000l\000\040\000I\000n\000t\000e\000r\000s\000e\000c\000t\000i\000o\000n}{section.0.1}% 22
\BOOKMARK [2][-]{subsection.0.6.1}{\376\377\000R\000a\000t\000i\000o\000n\000a\000l\000e}{section.0.6}% 23
\BOOKMARK [1][-]{section.0.7}{\376\377\000b\000m\000l\000\137\000a\000n\000n\000o\000t\000\137\000u\000n\000i\000o\000n\000\040\040\024\000\040\000T\000e\000m\000p\000o\000r\000a\000l\000\040\000U\000n\000i\000o\000n}{section.0.1}% 24
\BOOKMARK [2][-]{subsection.0.7.1}{\376\377\000R\000a\000t\000i\000o\000n\000a\000l\000e}{section.0.7}% 25
\BOOKMARK [1][-]{section.0.8}{\376\377\000b\000m\000l\000\137\000a\000n\000n\000o\000t\000\137\000d\000i\000f\000f\000e\000r\000e\000n\000c\000e\000\040\040\024\000\040\000S\000e\000t\000\040\000S\000u\000b\000t\000r\000a\000c\000t\000i\000o\000n}{section.0.1}% 26
\BOOKMARK [2][-]{subsection.0.8.1}{\376\377\000R\000a\000t\000i\000o\000n\000a\000l\000e}{section.0.8}% 27
\BOOKMARK [1][-]{section.0.9}{\376\377\000b\000m\000l\000\137\000a\000n\000n\000o\000t\000\137\000c\000o\000n\000s\000o\000l\000i\000d\000a\000t\000e\000\040\040\024\000\040\000M\000e\000r\000g\000i\000n\000g\000\040\000b\000y\000\040\000C\000r\000i\000t\000e\000r\000i\000o\000n}{section.0.1}% 28
\BOOKMARK [2][-]{subsection.0.9.1}{\376\377\000R\000a\000t\000i\000o\000n\000a\000l\000e}{section.0.9}% 29
\BOOKMARK [2][-]{subsection.0.9.2}{\376\377\000A\000l\000g\000o\000r\000i\000t\000h\000m}{section.0.9}% 30
\BOOKMARK [1][-]{section.0.10}{\376\377\000b\000m\000l\000\137\000a\000n\000n\000o\000t\000\137\000b\000l\000o\000c\000k\000s\000\040\040\024\000\040\000R\000u\000n\000-\000L\000e\000n\000g\000t\000h\000\040\000E\000n\000c\000o\000d\000i\000n\000g\000\040\000a\000n\000d\000\040\000T\000r\000a\000n\000s\000i\000t\000i\000o\000n\000s}{section.0.1}% 31
\BOOKMARK [2][-]{subsection.0.10.1}{\376\377\000R\000a\000t\000i\000o\000n\000a\000l\000e}{section.0.10}% 32
\BOOKMARK [1][-]{section.0.11}{\376\377\000b\000m\000l\000\137\000a\000n\000n\000o\000t\000\137\000s\000h\000a\000d\000o\000w\000\040\040\024\000\040\000F\000i\000l\000l\000i\000n\000g\000\040\000t\000h\000e\000\040\000G\000a\000p\000s}{section.0.1}% 33
\BOOKMARK [2][-]{subsection.0.11.1}{\376\377\000R\000a\000t\000i\000o\000n\000a\000l\000e}{section.0.11}% 34
\BOOKMARK [1][-]{section.0.12}{\376\377\000b\000m\000l\000\137\000a\000n\000n\000o\000t\000\137\000c\000o\000v\000e\000r\000a\000g\000e\000\040\040\024\000\040\000M\000e\000a\000s\000u\000r\000i\000n\000g\000\040\000H\000o\000w\000\040\000M\000u\000c\000h\000\040\000i\000s\000\040\000C\000o\000v\000e\000r\000e\000d}{section.0.1}% 35
\BOOKMARK [1][-]{section.0.13}{\376\377\000b\000m\000l\000\137\000a\000n\000n\000o\000t\000\137\000o\000v\000e\000r\000l\000a\000p\000\040\040\024\000\040\000D\000e\000t\000e\000c\000t\000i\000n\000g\000\040\000C\000o\000n\000f\000l\000i\000c\000t\000s}{section.0.1}% 36
\BOOKMARK [1][-]{section.0.14}{\376\377\000J\000o\000i\000n\000i\000n\000g\000\040\000T\000a\000b\000l\000e\000s}{section.0.1}% 37
\BOOKMARK [2][-]{subsection.0.14.1}{\376\377\000b\000m\000l\000\137\000a\000n\000n\000o\000t\000\137\000l\000e\000f\000t\000\137\000j\000o\000i\000n\000\040\040\024\000\040\000K\000e\000y\000-\000B\000a\000s\000e\000d\000\040\000J\000o\000i\000n}{section.0.14}% 38
\BOOKMARK [2][-]{subsection.0.14.2}{\376\377\000b\000m\000l\000\137\000a\000n\000n\000o\000t\000\137\000t\000r\000a\000n\000s\000f\000e\000r\000\040\040\024\000\040\000T\000e\000m\000p\000o\000r\000a\000l\000\040\000O\000v\000e\000r\000l\000a\000p\000\040\000J\000o\000i\000n}{section.0.14}% 39
\BOOKMARK [1][-]{section.0.15}{\376\377\000b\000m\000l\000\137\000a\000n\000n\000o\000t\000\137\000c\000a\000l\000c\000u\000l\000a\000t\000e\000\040\040\024\000\040\000F\000e\000a\000t\000u\000r\000e\000\040\000E\000x\000t\000r\000a\000c\000t\000i\000o\000n\000\040\000o\000v\000e\000r\000\040\000E\000p\000o\000c\000h\000s}{section.0.1}% 40
\BOOKMARK [1][-]{section.0.16}{\376\377\000b\000m\000l\000\137\000a\000n\000n\000o\000t\000\137\000d\000e\000t\000e\000c\000t\000\040\040\024\000\040\000T\000h\000r\000e\000s\000h\000o\000l\000d\000-\000B\000a\000s\000e\000d\000\040\000E\000v\000e\000n\000t\000\040\000D\000e\000t\000e\000c\000t\000i\000o\000n}{section.0.1}% 41
\BOOKMARK [1][-]{section.0.17}{\376\377\000b\000m\000l\000\137\000a\000n\000n\000o\000t\0002\000r\000a\000w\000\040\000/\000\040\000b\000m\000l\000\137\000r\000a\000w\0002\000a\000n\000n\000o\000t\000\040\040\024\000\040\000S\000i\000g\000n\000a\000l\000\040\000E\000n\000c\000o\000d\000i\000n\000g}{section.0.1}% 42
\BOOKMARK [2][-]{subsection.0.17.1}{\376\377\000A\000n\000n\000o\000t\000a\000t\000i\000o\000n\000s\000\040\000t\000o\000\040\000b\000i\000n\000a\000r\000y\000/\000c\000o\000u\000n\000t\000\040\000s\000i\000g\000n\000a\000l\000s\000\040\000\050\000b\000m\000l\000\137\000a\000n\000n\000o\000t\0002\000r\000a\000w\000\051}{section.0.17}% 43
\BOOKMARK [1][-]{section.0.18}{\376\377\000b\000m\000l\000\137\000a\000n\000n\000o\000t\000\137\000p\000l\000o\000t\000\040\040\024\000\040\000V\000i\000s\000u\000a\000l\000i\000z\000a\000t\000i\000o\000n}{section.0.1}% 44
\BOOKMARK [1][-]{section.0.19}{\376\377\000b\000m\000l\000\137\000a\000n\000n\000o\000t\000\137\000t\0000\000\040\000a\000n\000d\000\040\000b\000m\000l\000\137\000a\000n\000n\000o\000t\000\137\000r\000o\000w\000b\000i\000n\000d\000\040\040\024\000\040\000U\000t\000i\000l\000i\000t\000i\000e\000s}{section.0.1}% 45
\BOOKMARK [2][-]{subsection.0.19.1}{\376\377\000b\000m\000l\000\137\000a\000n\000n\000o\000t\000\137\000t\0000\000\040\040\024\000\040\000C\000h\000a\000n\000g\000e\000\040\000T\000i\000m\000e\000\040\000R\000e\000f\000e\000r\000e\000n\000c\000e}{section.0.19}% 46
\BOOKMARK [2][-]{subsection.0.19.2}{\376\377\000b\000m\000l\000\137\000a\000n\000n\000o\000t\000\137\000r\000o\000w\000b\000i\000n\000d\000\040\040\024\000\040\000V\000e\000r\000t\000i\000c\000a\000l\000\040\000C\000o\000n\000c\000a\000t\000e\000n\000a\000t\000i\000o\000n}{section.0.19}% 47
\BOOKMARK [1][-]{section.0.20}{\376\377\000C\000o\000m\000p\000l\000e\000t\000e\000\040\000W\000o\000r\000k\000e\000d\000\040\000E\000x\000a\000m\000p\000l\000e\000:\000\040\000F\000r\000o\000m\000\040\000R\000a\000w\000\040\000E\000v\000e\000n\000t\000s\000\040\000t\000o\000\040\000C\000l\000e\000a\000n\000\040\000T\000r\000i\000a\000l\000\040\000F\000e\000a\000t\000u\000r\000e\000s}{section.0.1}% 48
\BOOKMARK [1][-]{section.0.21}{\376\377\000A\000n\000n\000o\000t\000a\000t\000i\000o\000n\000\040\000A\000l\000g\000e\000b\000r\000a\000:\000\040\000C\000o\000m\000p\000l\000e\000t\000e\000\040\000R\000e\000f\000e\000r\000e\000n\000c\000e\000\040\000T\000a\000b\000l\000e}{section.0.1}% 49
\BOOKMARK [1][-]{section.Alph0.1}{\376\377\000I\000n\000t\000e\000r\000v\000a\000l\000\040\000A\000l\000g\000e\000b\000r\000a\000:\000\040\000M\000a\000t\000h\000e\000m\000a\000t\000i\000c\000a\000l\000\040\000S\000u\000m\000m\000a\000r\000y}{section.0.1}% 50
\BOOKMARK [-1][-]{part.2}{\376\377\000I\000I\000\040\000T\000h\000e\000\040\000S\000y\000n\000c\000h\000r\000o\000n\000i\000z\000a\000t\000i\000o\000n\000\040\000P\000i\000p\000e\000l\000i\000n\000e}{}% 51
\BOOKMARK [0][-]{section.Alph0.2}{\376\377\000G\000l\000o\000s\000s\000a\000r\000y\000\040\000o\000f\000\040\000K\000e\000y\000\040\000T\000e\000r\000m\000s}{part.2}% 52
\BOOKMARK [1][-]{section.Alph0.3}{\376\377\000S\000y\000s\000t\000e\000m\000\040\000O\000v\000e\000r\000v\000i\000e\000w\000\040\000a\000n\000d\000\040\000D\000a\000t\000a\000\040\000F\000l\000o\000w}{section.Alph0.2}% 53
\BOOKMARK [2][-]{subsection.Alph0.3.1}{\376\377\000T\000h\000e\000\040\000s\000y\000n\000c\000h\000r\000o\000n\000i\000z\000a\000t\000i\000o\000n\000\040\000p\000r\000o\000b\000l\000e\000m}{section.Alph0.3}% 54
\BOOKMARK [2][-]{subsection.Alph0.3.2}{\376\377\000C\000o\000m\000p\000l\000e\000t\000e\000\040\000d\000a\000t\000a\000\040\000f\000l\000o\000w\000\040\000d\000i\000a\000g\000r\000a\000m}{section.Alph0.3}% 55
\BOOKMARK [1][-]{section.Alph0.4}{\376\377\000A\000n\000n\000o\000t\000a\000t\000i\000o\000n\000\040\000T\000a\000b\000l\000e\000s\000\040\000a\000n\000d\000\040\000t\000h\000e\000\040\000R\000O\000I\000\040\000S\000t\000r\000u\000c\000t\000u\000r\000e}{section.Alph0.2}% 56
\BOOKMARK [2][-]{subsection.Alph0.4.1}{\376\377\000A\000n\000n\000o\000t\000a\000t\000i\000o\000n\000\040\000t\000a\000b\000l\000e\000\040\000s\000c\000h\000e\000m\000a}{section.Alph0.4}% 57
\BOOKMARK [2][-]{subsection.Alph0.4.2}{\376\377\000R\000O\000I\000\040\000t\000a\000b\000l\000e\000:\000\040\000t\000h\000e\000\040\000s\000y\000n\000c\000\040\000s\000t\000a\000t\000e\000\040\000c\000a\000r\000r\000i\000e\000r}{section.Alph0.4}% 58
\BOOKMARK [2][-]{subsection.Alph0.4.3}{\376\377\000K\000e\000y\000\040\000a\000n\000n\000o\000t\000a\000t\000i\000o\000n\000\040\000m\000a\000n\000i\000p\000u\000l\000a\000t\000i\000o\000n\000\040\000f\000u\000n\000c\000t\000i\000o\000n\000s}{section.Alph0.4}% 59
\BOOKMARK [1][-]{section.Alph0.5}{\376\377\000T\000h\000e\000\040\000C\000o\000o\000r\000d\000i\000n\000a\000t\000e\000\040\000S\000y\000s\000t\000e\000m}{section.Alph0.2}% 60
\BOOKMARK [2][-]{subsection.Alph0.5.1}{\376\377\000W\000h\000y\000\040\000t\000w\000o\000\040\000p\000o\000i\000n\000t\000s\000?}{section.Alph0.5}% 61
\BOOKMARK [1][-]{section.Alph0.6}{\376\377\000B\000u\000i\000l\000d\000i\000n\000g\000\040\000t\000h\000e\000\040\000I\000n\000i\000t\000i\000a\000l\000\040\000R\000O\000I\000\040\000T\000a\000b\000l\000e}{section.Alph0.2}% 62
\BOOKMARK [1][-]{section.Alph0.7}{\376\377\000S\000y\000n\000c\000h\000r\000o\000n\000i\000z\000i\000n\000g\000\040\000A\000u\000d\000i\000o\000\040\000\050\000Z\000o\000o\000m\000\051\000\040\000t\000o\000\040\000R\000i\000p\000p\000l\000e\000/\000T\000r\000e\000l\000l\000i\000s}{section.Alph0.2}% 63
\BOOKMARK [2][-]{subsection.Alph0.7.1}{\376\377\000A\000p\000p\000r\000o\000a\000c\000h\000\040\000A\000:\000\040\000S\000h\000a\000r\000e\000d\000\040\000a\000n\000a\000l\000o\000g\000\040\000c\000h\000a\000n\000n\000e\000l\000\040\000\050\000b\000m\000l\000\137\000s\000y\000n\000c\000\137\000a\000n\000a\000l\000o\000g\000\051}{section.Alph0.7}% 64
\BOOKMARK [2][-]{subsection.Alph0.7.2}{\376\377\000A\000p\000p\000r\000o\000a\000c\000h\000\040\000B\000:\000\040\000D\000i\000g\000i\000t\000a\000l\000\040\000t\000r\000i\000g\000g\000e\000r\000s\000\040\000v\000i\000a\000\040\000a\000u\000d\000i\000o\000-\000p\000e\000a\000k\000\040\000d\000e\000t\000e\000c\000t\000i\000o\000n\000\040\000\050\000b\000m\000l\000\137\000s\000y\000n\000c\000\137\000a\000u\000d\000i\000o\000\137\000e\000v\000e\000n\000t\000\051}{section.Alph0.7}% 65
\BOOKMARK [1][-]{section.Alph0.8}{\376\377\000S\000y\000n\000c\000h\000r\000o\000n\000i\000z\000i\000n\000g\000\040\000N\000e\000u\000r\000o\000O\000m\000e\000g\000a\000\040\000t\000o\000\040\000R\000i\000p\000p\000l\000e\000/\000T\000r\000e\000l\000l\000i\000s}{section.Alph0.2}% 66
\BOOKMARK [1][-]{section.Alph0.9}{\376\377\000S\000y\000n\000c\000h\000r\000o\000n\000i\000z\000i\000n\000g\000\040\000T\000a\000s\000k\000\040\000L\000a\000p\000t\000o\000p\000\040\000\050\000P\000s\000y\000c\000h\000t\000o\000o\000l\000b\000o\000x\000\051\000\040\000t\000o\000\040\000R\000i\000p\000p\000l\000e}{section.Alph0.2}% 67
\BOOKMARK [2][-]{subsection.Alph0.9.1}{\376\377\000T\000h\000e\000\040\000s\000e\000t\000u\000p}{section.Alph0.9}% 68
\BOOKMARK [2][-]{subsection.Alph0.9.2}{\376\377\000S\000t\000e\000p\000\040\0001\000:\000\040\000R\000e\000a\000d\000\040\000t\000h\000e\000\040\000t\000a\000s\000k\000\040\000l\000o\000g\000\040\000f\000i\000l\000e}{section.Alph0.9}% 69
\BOOKMARK [2][-]{subsection.Alph0.9.3}{\376\377\000S\000t\000e\000p\000\040\0002\000:\000\040\000G\000e\000t\000\040\000t\000h\000e\000\040\000s\000a\000m\000e\000\040\000e\000v\000e\000n\000t\000s\000\040\000f\000r\000o\000m\000\040\000R\000i\000p\000p\000l\000e}{section.Alph0.9}% 70
\BOOKMARK [2][-]{subsection.Alph0.9.4}{\376\377\000S\000t\000e\000p\000\040\0003\000:\000\040\000S\000y\000n\000c\000h\000r\000o\000n\000i\000z\000e\000\040\000w\000i\000t\000h\000\040\000b\000m\000l\000\137\000s\000y\000n\000c\000\137\000d\000i\000g\000i\000t\000a\000l}{section.Alph0.9}% 71
\BOOKMARK [2][-]{subsection.Alph0.9.5}{\376\377\000S\000t\000e\000p\000\040\0004\000:\000\040\000A\000p\000p\000l\000y\000\040\000s\000y\000n\000c\000\040\000t\000o\000\040\000t\000a\000s\000k\000\040\000e\000v\000e\000n\000t\000s}{section.Alph0.9}% 72
\BOOKMARK [2][-]{subsection.Alph0.9.6}{\376\377\000S\000t\000e\000p\000\040\0004\000b\000:\000\040\000E\000x\000a\000c\000t\000-\000m\000a\000t\000c\000h\000\040\000f\000a\000l\000l\000b\000a\000c\000k\000\040\000s\000t\000r\000a\000t\000e\000g\000y}{section.Alph0.9}% 73
\BOOKMARK [1][-]{section.Alph0.10}{\376\377\000E\000v\000e\000n\000t\000\040\000A\000l\000i\000g\000n\000m\000e\000n\000t\000:\000\040\000F\000r\000o\000m\000\040\000B\000r\000u\000t\000e\000-\000F\000o\000r\000c\000e\000\040\000t\000o\000\040\000D\000y\000n\000a\000m\000i\000c\000\040\000P\000r\000o\000g\000r\000a\000m\000m\000i\000n\000g}{section.Alph0.2}% 74
\BOOKMARK [2][-]{subsection.Alph0.10.1}{\376\377\000T\000h\000e\000\040\000p\000r\000o\000b\000l\000e\000m\000\040\000w\000i\000t\000h\000\040\000s\000i\000m\000p\000l\000e\000\040\000e\000v\000e\000n\000t\000\040\000m\000a\000t\000c\000h\000i\000n\000g}{section.Alph0.10}% 75
\BOOKMARK [2][-]{subsection.Alph0.10.2}{\376\377\000T\000h\000e\000\040\000o\000l\000d\000\040\000a\000p\000p\000r\000o\000a\000c\000h\000\040\000\050\000a\000r\000c\000h\000i\000v\000e\000d\000,\000\040\000p\000r\000e\000-\0002\0000\0002\0005\000\051}{section.Alph0.10}% 76
\BOOKMARK [2][-]{subsection.Alph0.10.3}{\376\377\000T\000h\000e\000\040\000n\000e\000w\000\040\000a\000p\000p\000r\000o\000a\000c\000h\000\040\000\050\000c\000u\000r\000r\000e\000n\000t\000\051}{section.Alph0.10}% 77
\BOOKMARK [2][-]{subsection.Alph0.10.4}{\376\377\000T\000h\000e\000\040\000d\000y\000n\000a\000m\000i\000c\000\040\000p\000r\000o\000g\000r\000a\000m\000m\000i\000n\000g\000\040\000a\000l\000g\000o\000r\000i\000t\000h\000m\000\040\000\050\000b\000o\000t\000h\000\040\000v\000e\000r\000s\000i\000o\000n\000s\000\051}{section.Alph0.10}% 78
\BOOKMARK [2][-]{subsection.Alph0.10.5}{\376\377\000H\000o\000w\000\040\000b\000m\000l\000\137\000s\000y\000n\000c\000\137\000d\000i\000g\000i\000t\000a\000l\000\040\000u\000s\000e\000s\000\040\000t\000h\000e\000\040\000D\000P\000\040\000o\000u\000t\000p\000u\000t}{section.Alph0.10}% 79
\BOOKMARK [1][-]{section.Alph0.11}{\376\377\000A\000l\000i\000g\000n\000m\000e\000n\000t\000\040\000F\000u\000n\000c\000t\000i\000o\000n\000\040\000H\000i\000e\000r\000a\000r\000c\000h\000y}{section.Alph0.2}% 80
\BOOKMARK [2][-]{subsection.Alph0.11.1}{\376\377\000C\000a\000l\000l\000\040\000g\000r\000a\000p\000h}{section.Alph0.11}% 81
\BOOKMARK [2][-]{subsection.Alph0.11.2}{\376\377\000T\000h\000e\000\040\000t\000w\000o\000\040\000d\000i\000m\000e\000n\000s\000i\000o\000n\000s}{section.Alph0.11}% 82
\BOOKMARK [2][-]{subsection.Alph0.11.3}{\376\377\000D\000e\000c\000i\000s\000i\000o\000n\000\040\000g\000u\000i\000d\000e\000:\000\040\000w\000h\000i\000c\000h\000\040\000f\000u\000n\000c\000t\000i\000o\000n\000\040\000t\000o\000\040\000c\000a\000l\000l\000?}{section.Alph0.11}% 83
\BOOKMARK [1][-]{section.Alph0.12}{\376\377\000E\000v\000e\000n\000t\000\040\000A\000l\000i\000g\000n\000m\000e\000n\000t\000\040\000I\000n\000t\000e\000r\000n\000a\000l\000s\000:\000\040\000b\000m\000l\000\137\000t\000i\000m\000e\000a\000l\000i\000g\000n\000\137\000a\000n\000n\000o\000t}{section.Alph0.2}% 84
\BOOKMARK [1][-]{section.Alph0.13}{\376\377\000C\000o\000n\000t\000i\000n\000u\000o\000u\000s\000\040\000S\000i\000g\000n\000a\000l\000\040\000A\000l\000i\000g\000n\000m\000e\000n\000t}{section.Alph0.2}% 85
\BOOKMARK [2][-]{subsection.Alph0.13.1}{\376\377\000b\000m\000l\000\137\000t\000i\000m\000e\000a\000l\000i\000g\000n\000\040\040\024\000\040\000c\000r\000o\000s\000s\000-\000c\000o\000r\000r\000e\000l\000a\000t\000i\000o\000n}{section.Alph0.13}% 86
\BOOKMARK [2][-]{subsection.Alph0.13.2}{\376\377\000b\000m\000l\000\137\000t\000i\000m\000e\000w\000a\000r\000p\000\040\040\024\000\040\000l\000i\000n\000e\000a\000r\000\040\000w\000a\000r\000p\000\040\000o\000p\000t\000i\000m\000i\000z\000a\000t\000i\000o\000n}{section.Alph0.13}% 87
\BOOKMARK [1][-]{section.Alph0.14}{\376\377\000C\000o\000n\000s\000o\000l\000i\000d\000a\000t\000i\000o\000n\000:\000\040\000W\000h\000a\000t\000\040\000I\000t\000\040\000I\000s\000\040\000a\000n\000d\000\040\000W\000h\000y\000\040\000I\000t\000\040\000M\000a\000t\000t\000e\000r\000s}{section.Alph0.2}% 88
\BOOKMARK [2][-]{subsection.Alph0.14.1}{\376\377\000T\000h\000e\000\040\000p\000r\000o\000b\000l\000e\000m\000\040\000c\000o\000n\000s\000o\000l\000i\000d\000a\000t\000i\000o\000n\000\040\000s\000o\000l\000v\000e\000s}{section.Alph0.14}% 89
\BOOKMARK [2][-]{subsection.Alph0.14.2}{\376\377\000L\000e\000v\000e\000l\000\040\0001\000:\000\040\000p\000e\000r\000-\000f\000i\000l\000e\000\040\000c\000o\000n\000s\000o\000l\000i\000d\000a\000t\000i\000o\000n}{section.Alph0.14}% 90
\BOOKMARK [2][-]{subsection.Alph0.14.3}{\376\377\000L\000e\000v\000e\000l\000\040\0002\000:\000\040\000c\000o\000n\000t\000i\000g\000u\000o\000u\000s\000\040\000f\000i\000l\000e\000\040\000c\000o\000n\000s\000o\000l\000i\000d\000a\000t\000i\000o\000n}{section.Alph0.14}% 91
\BOOKMARK [2][-]{subsection.Alph0.14.4}{\376\377\000W\000h\000a\000t\000\040\000t\000h\000e\000\040\000c\000o\000n\000s\000o\000l\000i\000d\000a\000t\000e\000d\000\040\000t\000a\000b\000l\000e\000\040\000l\000o\000o\000k\000s\000\040\000l\000i\000k\000e}{section.Alph0.14}% 92
\BOOKMARK [1][-]{section.Alph0.15}{\376\377\000S\000y\000n\000c\000\040\000T\000r\000a\000n\000s\000f\000e\000r\000\040\000F\000u\000n\000c\000t\000i\000o\000n\000s}{section.Alph0.2}% 93
\BOOKMARK [2][-]{subsection.Alph0.15.1}{\376\377\000b\000m\000l\000\137\000s\000y\000n\000c\000\137\000t\000r\000a\000n\000s\000f\000e\000r\000\137\000t\000r\000e\000l\000l\000i\000s\000\137\000f\000i\000l\000e\000t\000y\000p\000e\000\040\040\024\000\040\000r\000e\000s\000c\000a\000l\000e\000\040\000s\000a\000m\000p\000l\000e\000\040\000i\000n\000d\000i\000c\000e\000s}{section.Alph0.15}% 94
\BOOKMARK [2][-]{subsection.Alph0.15.2}{\376\377\000b\000m\000l\000\137\000s\000y\000n\000c\000\137\000t\000r\000a\000n\000s\000f\000e\000r\000\137\000n\000e\000u\000r\000o\000o\000m\000e\000g\000a\000\137\000c\000h\000a\000n\000t\000y\000p\000e\000\040\040\024\000\040\000r\000e\000-\000a\000n\000c\000h\000o\000r\000\040\000t\000o\000\040\000c\000h\000a\000n\000n\000e\000l\000\040\000i\000n\000t\000e\000r\000n\000a\000l\000\040\000c\000l\000o\000c\000k}{section.Alph0.15}% 95
\BOOKMARK [2][-]{subsection.Alph0.15.3}{\376\377\000W\000h\000y\000\040\000n\000o\000t\000\040\000r\000e\000-\000s\000y\000n\000c\000\040\000e\000a\000c\000h\000\040\000f\000i\000l\000e\000\040\000t\000y\000p\000e\000\040\000s\000e\000p\000a\000r\000a\000t\000e\000l\000y\000?}{section.Alph0.15}% 96
\BOOKMARK [2][-]{subsection.Alph0.15.4}{\376\377\000P\000u\000t\000t\000i\000n\000g\000\040\000i\000t\000\040\000a\000l\000l\000\040\000t\000o\000g\000e\000t\000h\000e\000r}{section.Alph0.15}% 97
\BOOKMARK [1][-]{section.Alph0.16}{\376\377\000C\000o\000m\000p\000l\000e\000t\000e\000\040\000E\000n\000d\000-\000t\000o\000-\000E\000n\000d\000\040\000E\000x\000a\000m\000p\000l\000e}{section.Alph0.2}% 98
\BOOKMARK [1][-]{section.Alph0.17}{\376\377\000C\000o\000m\000m\000o\000n\000\040\000P\000i\000t\000f\000a\000l\000l\000s}{section.Alph0.2}% 99
\BOOKMARK [1][-]{section.Alph0.18}{\376\377\000D\000i\000a\000g\000n\000o\000s\000t\000i\000c\000\040\000P\000l\000o\000t\000s\000:\000\040\000H\000o\000w\000\040\000t\000o\000\040\000E\000n\000a\000b\000l\000e\000\040\000a\000n\000d\000\040\000I\000n\000t\000e\000r\000p\000r\000e\000t}{section.Alph0.2}% 100
\BOOKMARK [2][-]{subsection.Alph0.18.1}{\376\377\000b\000m\000l\000\137\000s\000y\000n\000c\000\137\000m\000a\000t\000c\000h\000\137\000e\000v\000e\000n\000t\000s\000\040\040\024\000\040\000D\000P\000\040\000s\000i\000m\000i\000l\000a\000r\000i\000t\000y\000\040\000p\000l\000o\000t}{section.Alph0.18}% 101
\BOOKMARK [2][-]{subsection.Alph0.18.2}{\376\377\000b\000m\000l\000\137\000s\000y\000n\000c\000\137\000a\000u\000d\000i\000o\000\137\000e\000v\000e\000n\000t\000\040\000/\000\040\000b\000m\000l\000\137\000s\000y\000n\000c\000\137\000n\000e\000u\000r\000o\000o\000m\000e\000g\000a\000\137\000e\000v\000e\000n\000t\000\040\040\024\000\040\000e\000v\000e\000n\000t\000\040\000a\000l\000i\000g\000n\000m\000e\000n\000t\000\040\000p\000l\000o\000t}{section.Alph0.18}% 102
\BOOKMARK [2][-]{subsection.Alph0.18.3}{\376\377\000b\000m\000l\000\137\000s\000y\000n\000c\000\137\000d\000i\000g\000i\000t\000a\000l\000\040\040\024\000\040\000r\000e\000s\000i\000d\000u\000a\000l\000\040\000+\000\040\000a\000l\000i\000g\000n\000m\000e\000n\000t\000\040\000p\000l\000o\000t}{section.Alph0.18}% 103
\BOOKMARK [2][-]{subsection.Alph0.18.4}{\376\377\000b\000m\000l\000\137\000s\000y\000n\000c\000\137\000c\000o\000n\000s\000o\000l\000i\000d\000a\000t\000e\000\040\040\024\000\040\000p\000a\000i\000r\000w\000i\000s\000e\000\040\000r\000e\000s\000i\000d\000u\000a\000l\000\040\000h\000e\000a\000t\000m\000a\000p}{section.Alph0.18}% 104
\BOOKMARK [2][-]{subsection.Alph0.18.5}{\376\377\000Q\000u\000i\000c\000k\000-\000r\000e\000f\000e\000r\000e\000n\000c\000e\000:\000\040\000w\000h\000a\000t\000\040\000t\000o\000\040\000c\000h\000e\000c\000k\000\040\000f\000i\000r\000s\000t}{section.Alph0.18}% 105
\BOOKMARK [1][-]{section.Alph0.19}{\376\377\000B\000e\000s\000t\000\040\000P\000r\000a\000c\000t\000i\000c\000e\000s\000\040\000a\000n\000d\000\040\000L\000a\000b\000\040\000C\000o\000n\000v\000e\000n\000t\000i\000o\000n\000s}{section.Alph0.2}% 106
\BOOKMARK [2][-]{subsection.Alph0.19.1}{\376\377\000C\000h\000o\000o\000s\000e\000\040\000y\000o\000u\000r\000\040\000s\000y\000n\000c\000\040\000m\000e\000t\000h\000o\000d\000\040\000b\000y\000\040\000s\000i\000g\000n\000a\000l\000\040\000q\000u\000a\000l\000i\000t\000y}{section.Alph0.19}% 107
\BOOKMARK [2][-]{subsection.Alph0.19.2}{\376\377\000A\000l\000w\000a\000y\000s\000\040\000v\000a\000l\000i\000d\000a\000t\000e\000\040\000s\000y\000n\000c\000\040\000q\000u\000a\000l\000i\000t\000y}{section.Alph0.19}% 108
\BOOKMARK [2][-]{subsection.Alph0.19.3}{\376\377\000A\000n\000n\000o\000t\000a\000t\000i\000o\000n\000\040\000t\000a\000b\000l\000e\000s\000\040\000a\000s\000\040\000t\000h\000e\000\040\000l\000i\000n\000g\000u\000a\000\040\000f\000r\000a\000n\000c\000a}{section.Alph0.19}% 109
\BOOKMARK [2][-]{subsection.Alph0.19.4}{\376\377\000S\000a\000v\000e\000\040\000i\000n\000t\000e\000r\000m\000e\000d\000i\000a\000t\000e\000\040\000o\000u\000t\000p\000u\000t\000s}{section.Alph0.19}% 110
\BOOKMARK [2][-]{subsection.Alph0.19.5}{\376\377\000T\000h\000e\000\040\000f\000a\000l\000l\000b\000a\000c\000k\000-\000f\000i\000r\000s\000t\000\040\000p\000r\000i\000n\000c\000i\000p\000l\000e}{section.Alph0.19}% 111
\BOOKMARK [2][-]{subsection.Alph0.19.6}{\376\377\000B\000I\000D\000S\000\040\000e\000v\000e\000n\000t\000\040\000f\000i\000l\000e\000\040\000c\000o\000n\000v\000e\000n\000t\000i\000o\000n\000s}{section.Alph0.19}% 112
\BOOKMARK [2][-]{subsection.Alph0.19.7}{\376\377\000C\000h\000u\000n\000k\000i\000n\000g\000\040\000s\000t\000r\000a\000t\000e\000g\000y}{section.Alph0.19}% 113
\BOOKMARK [2][-]{subsection.Alph0.19.8}{\376\377\000T\000o\000w\000a\000r\000d\000\040\000P\000y\000t\000h\000o\000n\000:\000\040\000d\000e\000s\000i\000g\000n\000\040\000p\000r\000i\000n\000c\000i\000p\000l\000e\000s\000\040\000t\000o\000\040\000c\000a\000r\000r\000y\000\040\000f\000o\000r\000w\000a\000r\000d}{section.Alph0.19}% 114
\BOOKMARK [1][-]{section.Alph0.1}{\376\377\000M\000a\000t\000h\000e\000m\000a\000t\000i\000c\000a\000l\000\040\000R\000e\000f\000e\000r\000e\000n\000c\000e}{section.Alph0.2}% 115
