\BOOKMARK [1][-]{section.1}{\376\377\000G\000l\000o\000s\000s\000a\000r\000y\000\040\000o\000f\000\040\000K\000e\000y\000\040\000T\000e\000r\000m\000s}{}% 1
\BOOKMARK [1][-]{section.2}{\376\377\000S\000y\000s\000t\000e\000m\000\040\000O\000v\000e\000r\000v\000i\000e\000w\000\040\000a\000n\000d\000\040\000D\000a\000t\000a\000\040\000F\000l\000o\000w}{}% 2
\BOOKMARK [2][-]{subsection.2.1}{\376\377\000T\000h\000e\000\040\000s\000y\000n\000c\000h\000r\000o\000n\000i\000z\000a\000t\000i\000o\000n\000\040\000p\000r\000o\000b\000l\000e\000m}{section.2}% 3
\BOOKMARK [2][-]{subsection.2.2}{\376\377\000C\000o\000m\000p\000l\000e\000t\000e\000\040\000d\000a\000t\000a\000\040\000f\000l\000o\000w\000\040\000d\000i\000a\000g\000r\000a\000m}{section.2}% 4
\BOOKMARK [1][-]{section.3}{\376\377\000A\000n\000n\000o\000t\000a\000t\000i\000o\000n\000\040\000T\000a\000b\000l\000e\000s\000\040\000a\000n\000d\000\040\000t\000h\000e\000\040\000R\000O\000I\000\040\000S\000t\000r\000u\000c\000t\000u\000r\000e}{}% 5
\BOOKMARK [2][-]{subsection.3.1}{\376\377\000A\000n\000n\000o\000t\000a\000t\000i\000o\000n\000\040\000t\000a\000b\000l\000e\000\040\000s\000c\000h\000e\000m\000a}{section.3}% 6
\BOOKMARK [2][-]{subsection.3.2}{\376\377\000R\000O\000I\000\040\000t\000a\000b\000l\000e\000:\000\040\000t\000h\000e\000\040\000s\000y\000n\000c\000\040\000s\000t\000a\000t\000e\000\040\000c\000a\000r\000r\000i\000e\000r}{section.3}% 7
\BOOKMARK [2][-]{subsection.3.3}{\376\377\000K\000e\000y\000\040\000a\000n\000n\000o\000t\000a\000t\000i\000o\000n\000\040\000m\000a\000n\000i\000p\000u\000l\000a\000t\000i\000o\000n\000\040\000f\000u\000n\000c\000t\000i\000o\000n\000s}{section.3}% 8
\BOOKMARK [1][-]{section.4}{\376\377\000T\000h\000e\000\040\000C\000o\000o\000r\000d\000i\000n\000a\000t\000e\000\040\000S\000y\000s\000t\000e\000m}{}% 9
\BOOKMARK [2][-]{subsection.4.1}{\376\377\000W\000h\000y\000\040\000t\000w\000o\000\040\000p\000o\000i\000n\000t\000s\000?}{section.4}% 10
\BOOKMARK [1][-]{section.5}{\376\377\000B\000u\000i\000l\000d\000i\000n\000g\000\040\000t\000h\000e\000\040\000I\000n\000i\000t\000i\000a\000l\000\040\000R\000O\000I\000\040\000T\000a\000b\000l\000e}{}% 11
\BOOKMARK [1][-]{section.6}{\376\377\000S\000y\000n\000c\000h\000r\000o\000n\000i\000z\000i\000n\000g\000\040\000A\000u\000d\000i\000o\000\040\000\050\000Z\000o\000o\000m\000\051\000\040\000t\000o\000\040\000R\000i\000p\000p\000l\000e\000/\000T\000r\000e\000l\000l\000i\000s}{}% 12
\BOOKMARK [2][-]{subsection.6.1}{\376\377\000A\000p\000p\000r\000o\000a\000c\000h\000\040\000A\000:\000\040\000S\000h\000a\000r\000e\000d\000\040\000a\000n\000a\000l\000o\000g\000\040\000c\000h\000a\000n\000n\000e\000l\000\040\000\050\000b\000m\000l\000\137\000s\000y\000n\000c\000\137\000a\000n\000a\000l\000o\000g\000\051}{section.6}% 13
\BOOKMARK [3][-]{subsubsection.6.1.1}{\376\377\000I\000n\000s\000i\000d\000e\000\040\000b\000m\000l\000\137\000s\000y\000n\000c\000\137\000a\000n\000a\000l\000o\000g\000:\000\040\000p\000e\000r\000-\000c\000h\000u\000n\000k\000\040\000p\000i\000p\000e\000l\000i\000n\000e}{subsection.6.1}% 14
\BOOKMARK [2][-]{subsection.6.2}{\376\377\000A\000p\000p\000r\000o\000a\000c\000h\000\040\000B\000:\000\040\000D\000i\000g\000i\000t\000a\000l\000\040\000t\000r\000i\000g\000g\000e\000r\000s\000\040\000v\000i\000a\000\040\000a\000u\000d\000i\000o\000-\000p\000e\000a\000k\000\040\000d\000e\000t\000e\000c\000t\000i\000o\000n\000\040\000\050\000b\000m\000l\000\137\000s\000y\000n\000c\000\137\000a\000u\000d\000i\000o\000\137\000e\000v\000e\000n\000t\000\051}{section.6}% 15
\BOOKMARK [1][-]{section.7}{\376\377\000S\000y\000n\000c\000h\000r\000o\000n\000i\000z\000i\000n\000g\000\040\000N\000e\000u\000r\000o\000O\000m\000e\000g\000a\000\040\000t\000o\000\040\000R\000i\000p\000p\000l\000e\000/\000T\000r\000e\000l\000l\000i\000s}{}% 16
\BOOKMARK [1][-]{section.8}{\376\377\000S\000y\000n\000c\000h\000r\000o\000n\000i\000z\000i\000n\000g\000\040\000T\000a\000s\000k\000\040\000L\000a\000p\000t\000o\000p\000\040\000\050\000P\000s\000y\000c\000h\000t\000o\000o\000l\000b\000o\000x\000\051\000\040\000t\000o\000\040\000R\000i\000p\000p\000l\000e}{}% 17
\BOOKMARK [2][-]{subsection.8.1}{\376\377\000T\000h\000e\000\040\000s\000e\000t\000u\000p}{section.8}% 18
\BOOKMARK [2][-]{subsection.8.2}{\376\377\000S\000t\000e\000p\000\040\0001\000:\000\040\000R\000e\000a\000d\000\040\000t\000h\000e\000\040\000t\000a\000s\000k\000\040\000l\000o\000g\000\040\000f\000i\000l\000e}{section.8}% 19
\BOOKMARK [2][-]{subsection.8.3}{\376\377\000S\000t\000e\000p\000\040\0002\000:\000\040\000G\000e\000t\000\040\000t\000h\000e\000\040\000s\000a\000m\000e\000\040\000e\000v\000e\000n\000t\000s\000\040\000f\000r\000o\000m\000\040\000R\000i\000p\000p\000l\000e}{section.8}% 20
\BOOKMARK [2][-]{subsection.8.4}{\376\377\000S\000t\000e\000p\000\040\0003\000:\000\040\000S\000y\000n\000c\000h\000r\000o\000n\000i\000z\000e\000\040\000w\000i\000t\000h\000\040\000b\000m\000l\000\137\000s\000y\000n\000c\000\137\000d\000i\000g\000i\000t\000a\000l}{section.8}% 21
\BOOKMARK [2][-]{subsection.8.5}{\376\377\000S\000t\000e\000p\000\040\0004\000:\000\040\000A\000p\000p\000l\000y\000\040\000s\000y\000n\000c\000\040\000t\000o\000\040\000t\000a\000s\000k\000\040\000e\000v\000e\000n\000t\000s}{section.8}% 22
\BOOKMARK [2][-]{subsection.8.6}{\376\377\000S\000t\000e\000p\000\040\0004\000b\000:\000\040\000E\000x\000a\000c\000t\000-\000m\000a\000t\000c\000h\000\040\000f\000a\000l\000l\000b\000a\000c\000k\000\040\000s\000t\000r\000a\000t\000e\000g\000y}{section.8}% 23
\BOOKMARK [1][-]{section.9}{\376\377\000E\000v\000e\000n\000t\000\040\000A\000l\000i\000g\000n\000m\000e\000n\000t\000:\000\040\000F\000r\000o\000m\000\040\000B\000r\000u\000t\000e\000-\000F\000o\000r\000c\000e\000\040\000t\000o\000\040\000D\000y\000n\000a\000m\000i\000c\000\040\000P\000r\000o\000g\000r\000a\000m\000m\000i\000n\000g}{}% 24
\BOOKMARK [2][-]{subsection.9.1}{\376\377\000T\000h\000e\000\040\000p\000r\000o\000b\000l\000e\000m\000\040\000w\000i\000t\000h\000\040\000s\000i\000m\000p\000l\000e\000\040\000e\000v\000e\000n\000t\000\040\000m\000a\000t\000c\000h\000i\000n\000g}{section.9}% 25
\BOOKMARK [2][-]{subsection.9.2}{\376\377\000T\000h\000e\000\040\000o\000l\000d\000\040\000a\000p\000p\000r\000o\000a\000c\000h\000\040\000\050\000a\000r\000c\000h\000i\000v\000e\000d\000,\000\040\000p\000r\000e\000-\0002\0000\0002\0005\000\051}{section.9}% 26
\BOOKMARK [2][-]{subsection.9.3}{\376\377\000T\000h\000e\000\040\000n\000e\000w\000\040\000a\000p\000p\000r\000o\000a\000c\000h\000\040\000\050\000c\000u\000r\000r\000e\000n\000t\000\051}{section.9}% 27
\BOOKMARK [3][-]{subsubsection.9.3.1}{\376\377\000S\000u\000m\000m\000a\000r\000y\000\040\000o\000f\000\040\000d\000i\000f\000f\000e\000r\000e\000n\000c\000e\000s}{subsection.9.3}% 28
\BOOKMARK [2][-]{subsection.9.4}{\376\377\000T\000h\000e\000\040\000d\000y\000n\000a\000m\000i\000c\000\040\000p\000r\000o\000g\000r\000a\000m\000m\000i\000n\000g\000\040\000a\000l\000g\000o\000r\000i\000t\000h\000m\000\040\000\050\000b\000o\000t\000h\000\040\000v\000e\000r\000s\000i\000o\000n\000s\000\051}{section.9}% 29
\BOOKMARK [2][-]{subsection.9.5}{\376\377\000H\000o\000w\000\040\000b\000m\000l\000\137\000s\000y\000n\000c\000\137\000d\000i\000g\000i\000t\000a\000l\000\040\000u\000s\000e\000s\000\040\000t\000h\000e\000\040\000D\000P\000\040\000o\000u\000t\000p\000u\000t}{section.9}% 30
\BOOKMARK [1][-]{section.10}{\376\377\000A\000l\000i\000g\000n\000m\000e\000n\000t\000\040\000F\000u\000n\000c\000t\000i\000o\000n\000\040\000H\000i\000e\000r\000a\000r\000c\000h\000y}{}% 31
\BOOKMARK [2][-]{subsection.10.1}{\376\377\000C\000a\000l\000l\000\040\000g\000r\000a\000p\000h}{section.10}% 32
\BOOKMARK [2][-]{subsection.10.2}{\376\377\000T\000h\000e\000\040\000t\000w\000o\000\040\000d\000i\000m\000e\000n\000s\000i\000o\000n\000s}{section.10}% 33
\BOOKMARK [2][-]{subsection.10.3}{\376\377\000D\000e\000c\000i\000s\000i\000o\000n\000\040\000g\000u\000i\000d\000e\000:\000\040\000w\000h\000i\000c\000h\000\040\000f\000u\000n\000c\000t\000i\000o\000n\000\040\000t\000o\000\040\000c\000a\000l\000l\000?}{section.10}% 34
\BOOKMARK [1][-]{section.11}{\376\377\000E\000v\000e\000n\000t\000\040\000A\000l\000i\000g\000n\000m\000e\000n\000t\000\040\000I\000n\000t\000e\000r\000n\000a\000l\000s\000:\000\040\000b\000m\000l\000\137\000t\000i\000m\000e\000a\000l\000i\000g\000n\000\137\000a\000n\000n\000o\000t}{}% 35
\BOOKMARK [1][-]{section.12}{\376\377\000C\000o\000n\000t\000i\000n\000u\000o\000u\000s\000\040\000S\000i\000g\000n\000a\000l\000\040\000A\000l\000i\000g\000n\000m\000e\000n\000t}{}% 36
\BOOKMARK [2][-]{subsection.12.1}{\376\377\000b\000m\000l\000\137\000t\000i\000m\000e\000a\000l\000i\000g\000n\000\040\040\024\000\040\000c\000r\000o\000s\000s\000-\000c\000o\000r\000r\000e\000l\000a\000t\000i\000o\000n}{section.12}% 37
\BOOKMARK [2][-]{subsection.12.2}{\376\377\000b\000m\000l\000\137\000t\000i\000m\000e\000w\000a\000r\000p\000\040\040\024\000\040\000l\000i\000n\000e\000a\000r\000\040\000w\000a\000r\000p\000\040\000o\000p\000t\000i\000m\000i\000z\000a\000t\000i\000o\000n}{section.12}% 38
\BOOKMARK [1][-]{section.13}{\376\377\000C\000o\000n\000s\000o\000l\000i\000d\000a\000t\000i\000o\000n\000:\000\040\000W\000h\000a\000t\000\040\000I\000t\000\040\000I\000s\000\040\000a\000n\000d\000\040\000W\000h\000y\000\040\000I\000t\000\040\000M\000a\000t\000t\000e\000r\000s}{}% 39
\BOOKMARK [2][-]{subsection.13.1}{\376\377\000T\000h\000e\000\040\000p\000r\000o\000b\000l\000e\000m\000\040\000c\000o\000n\000s\000o\000l\000i\000d\000a\000t\000i\000o\000n\000\040\000s\000o\000l\000v\000e\000s}{section.13}% 40
\BOOKMARK [2][-]{subsection.13.2}{\376\377\000L\000e\000v\000e\000l\000\040\0001\000:\000\040\000p\000e\000r\000-\000f\000i\000l\000e\000\040\000c\000o\000n\000s\000o\000l\000i\000d\000a\000t\000i\000o\000n}{section.13}% 41
\BOOKMARK [2][-]{subsection.13.3}{\376\377\000L\000e\000v\000e\000l\000\040\0002\000:\000\040\000c\000o\000n\000t\000i\000g\000u\000o\000u\000s\000\040\000f\000i\000l\000e\000\040\000c\000o\000n\000s\000o\000l\000i\000d\000a\000t\000i\000o\000n}{section.13}% 42
\BOOKMARK [2][-]{subsection.13.4}{\376\377\000W\000h\000a\000t\000\040\000t\000h\000e\000\040\000c\000o\000n\000s\000o\000l\000i\000d\000a\000t\000e\000d\000\040\000t\000a\000b\000l\000e\000\040\000l\000o\000o\000k\000s\000\040\000l\000i\000k\000e}{section.13}% 43
\BOOKMARK [1][-]{section.14}{\376\377\000S\000y\000n\000c\000\040\000T\000r\000a\000n\000s\000f\000e\000r\000\040\000F\000u\000n\000c\000t\000i\000o\000n\000s}{}% 44
\BOOKMARK [2][-]{subsection.14.1}{\376\377\000b\000m\000l\000\137\000s\000y\000n\000c\000\137\000t\000r\000a\000n\000s\000f\000e\000r\000\137\000t\000r\000e\000l\000l\000i\000s\000\137\000f\000i\000l\000e\000t\000y\000p\000e\000\040\040\024\000\040\000r\000e\000s\000c\000a\000l\000e\000\040\000s\000a\000m\000p\000l\000e\000\040\000i\000n\000d\000i\000c\000e\000s}{section.14}% 45
\BOOKMARK [2][-]{subsection.14.2}{\376\377\000b\000m\000l\000\137\000s\000y\000n\000c\000\137\000t\000r\000a\000n\000s\000f\000e\000r\000\137\000n\000e\000u\000r\000o\000o\000m\000e\000g\000a\000\137\000c\000h\000a\000n\000t\000y\000p\000e\000\040\040\024\000\040\000r\000e\000-\000a\000n\000c\000h\000o\000r\000\040\000t\000o\000\040\000c\000h\000a\000n\000n\000e\000l\000\040\000i\000n\000t\000e\000r\000n\000a\000l\000\040\000c\000l\000o\000c\000k}{section.14}% 46
\BOOKMARK [2][-]{subsection.14.3}{\376\377\000W\000h\000y\000\040\000n\000o\000t\000\040\000r\000e\000-\000s\000y\000n\000c\000\040\000e\000a\000c\000h\000\040\000f\000i\000l\000e\000\040\000t\000y\000p\000e\000\040\000s\000e\000p\000a\000r\000a\000t\000e\000l\000y\000?}{section.14}% 47
\BOOKMARK [2][-]{subsection.14.4}{\376\377\000P\000u\000t\000t\000i\000n\000g\000\040\000i\000t\000\040\000a\000l\000l\000\040\000t\000o\000g\000e\000t\000h\000e\000r}{section.14}% 48
\BOOKMARK [1][-]{section.15}{\376\377\000C\000o\000m\000p\000l\000e\000t\000e\000\040\000E\000n\000d\000-\000t\000o\000-\000E\000n\000d\000\040\000E\000x\000a\000m\000p\000l\000e}{}% 49
\BOOKMARK [1][-]{section.16}{\376\377\000C\000o\000m\000m\000o\000n\000\040\000P\000i\000t\000f\000a\000l\000l\000s}{}% 50
\BOOKMARK [1][-]{section.17}{\376\377\000D\000i\000a\000g\000n\000o\000s\000t\000i\000c\000\040\000P\000l\000o\000t\000s\000:\000\040\000H\000o\000w\000\040\000t\000o\000\040\000E\000n\000a\000b\000l\000e\000\040\000a\000n\000d\000\040\000I\000n\000t\000e\000r\000p\000r\000e\000t}{}% 51
\BOOKMARK [2][-]{subsection.17.1}{\376\377\000b\000m\000l\000\137\000s\000y\000n\000c\000\137\000m\000a\000t\000c\000h\000\137\000e\000v\000e\000n\000t\000s\000\040\040\024\000\040\000D\000P\000\040\000s\000i\000m\000i\000l\000a\000r\000i\000t\000y\000\040\000p\000l\000o\000t}{section.17}% 52
\BOOKMARK [2][-]{subsection.17.2}{\376\377\000b\000m\000l\000\137\000s\000y\000n\000c\000\137\000a\000u\000d\000i\000o\000\137\000e\000v\000e\000n\000t\000\040\000/\000\040\000b\000m\000l\000\137\000s\000y\000n\000c\000\137\000n\000e\000u\000r\000o\000o\000m\000e\000g\000a\000\137\000e\000v\000e\000n\000t\000\040\040\024\000\040\000e\000v\000e\000n\000t\000\040\000a\000l\000i\000g\000n\000m\000e\000n\000t\000\040\000p\000l\000o\000t}{section.17}% 53
\BOOKMARK [2][-]{subsection.17.3}{\376\377\000b\000m\000l\000\137\000s\000y\000n\000c\000\137\000d\000i\000g\000i\000t\000a\000l\000\040\040\024\000\040\000r\000e\000s\000i\000d\000u\000a\000l\000\040\000+\000\040\000a\000l\000i\000g\000n\000m\000e\000n\000t\000\040\000p\000l\000o\000t}{section.17}% 54
\BOOKMARK [2][-]{subsection.17.4}{\376\377\000b\000m\000l\000\137\000s\000y\000n\000c\000\137\000c\000o\000n\000s\000o\000l\000i\000d\000a\000t\000e\000\040\040\024\000\040\000p\000a\000i\000r\000w\000i\000s\000e\000\040\000r\000e\000s\000i\000d\000u\000a\000l\000\040\000h\000e\000a\000t\000m\000a\000p}{section.17}% 55
\BOOKMARK [2][-]{subsection.17.5}{\376\377\000Q\000u\000i\000c\000k\000-\000r\000e\000f\000e\000r\000e\000n\000c\000e\000:\000\040\000w\000h\000a\000t\000\040\000t\000o\000\040\000c\000h\000e\000c\000k\000\040\000f\000i\000r\000s\000t}{section.17}% 56
\BOOKMARK [1][-]{section.18}{\376\377\000B\000e\000s\000t\000\040\000P\000r\000a\000c\000t\000i\000c\000e\000s\000\040\000a\000n\000d\000\040\000L\000a\000b\000\040\000C\000o\000n\000v\000e\000n\000t\000i\000o\000n\000s}{}% 57
\BOOKMARK [2][-]{subsection.18.1}{\376\377\000C\000h\000o\000o\000s\000e\000\040\000y\000o\000u\000r\000\040\000s\000y\000n\000c\000\040\000m\000e\000t\000h\000o\000d\000\040\000b\000y\000\040\000s\000i\000g\000n\000a\000l\000\040\000q\000u\000a\000l\000i\000t\000y}{section.18}% 58
\BOOKMARK [2][-]{subsection.18.2}{\376\377\000A\000l\000w\000a\000y\000s\000\040\000v\000a\000l\000i\000d\000a\000t\000e\000\040\000s\000y\000n\000c\000\040\000q\000u\000a\000l\000i\000t\000y}{section.18}% 59
\BOOKMARK [2][-]{subsection.18.3}{\376\377\000A\000n\000n\000o\000t\000a\000t\000i\000o\000n\000\040\000t\000a\000b\000l\000e\000s\000\040\000a\000s\000\040\000t\000h\000e\000\040\000l\000i\000n\000g\000u\000a\000\040\000f\000r\000a\000n\000c\000a}{section.18}% 60
\BOOKMARK [2][-]{subsection.18.4}{\376\377\000S\000a\000v\000e\000\040\000i\000n\000t\000e\000r\000m\000e\000d\000i\000a\000t\000e\000\040\000o\000u\000t\000p\000u\000t\000s}{section.18}% 61
\BOOKMARK [2][-]{subsection.18.5}{\376\377\000T\000h\000e\000\040\000f\000a\000l\000l\000b\000a\000c\000k\000-\000f\000i\000r\000s\000t\000\040\000p\000r\000i\000n\000c\000i\000p\000l\000e}{section.18}% 62
\BOOKMARK [2][-]{subsection.18.6}{\376\377\000B\000I\000D\000S\000\040\000e\000v\000e\000n\000t\000\040\000f\000i\000l\000e\000\040\000c\000o\000n\000v\000e\000n\000t\000i\000o\000n\000s}{section.18}% 63
\BOOKMARK [2][-]{subsection.18.7}{\376\377\000C\000h\000u\000n\000k\000i\000n\000g\000\040\000s\000t\000r\000a\000t\000e\000g\000y}{section.18}% 64
\BOOKMARK [2][-]{subsection.18.8}{\376\377\000T\000o\000w\000a\000r\000d\000\040\000P\000y\000t\000h\000o\000n\000:\000\040\000d\000e\000s\000i\000g\000n\000\040\000p\000r\000i\000n\000c\000i\000p\000l\000e\000s\000\040\000t\000o\000\040\000c\000a\000r\000r\000y\000\040\000f\000o\000r\000w\000a\000r\000d}{section.18}% 65
\BOOKMARK [1][-]{appendix.A}{\376\377\000M\000a\000t\000h\000e\000m\000a\000t\000i\000c\000a\000l\000\040\000R\000e\000f\000e\000r\000e\000n\000c\000e}{}% 66
